<?xml version="1.0" encoding="UTF-8"?>
<Map>
	<Entity>
		<File>Data/Meshes/Garen/garen_idle.fbx</File>
		<Name>Player</Name>
		<Position>
			<x>86.000000</x>
			<y>-1.000000</y>
			<z>47.000000</z>
		</Position>
		<Rotation>
			<x>0.000000</x>
			<y>0.000000</y>
			<z>0.000000</z>
		</Rotation>
		<Scale>
			<x>0.050000</x>
			<y>0.050000</y>
			<z>0.050000</z>
		</Scale>
		<Global>0</Global>
	</Entity>
	<Entity>
		<File>Data/Meshes/Gothic_smallHouse1/smallHouse1.obj</File>
		<Name>smallHouse1.obj</Name>
		<Position>
			<x>138.000000</x>
			<y>52.527664</y>
			<z>128.000000</z>
		</Position>
		<Rotation>
			<x>0.000000</x>
			<y>0.000000</y>
			<z>0.000000</z>
		</Rotation>
		<Scale>
			<x>4.000000</x>
			<y>4.000000</y>
			<z>4.000000</z>
		</Scale>
		<Global>0</Global>
		<Entity>
			<File>Data/Meshes/Barrel/barrel.obj</File>
			<Name>barrel.obj</Name>
			<Position>
				<x>86.000000</x>
				<y>50.010300</y>
				<z>128.000000</z>
			</Position>
			<Rotation>
				<x>0.000000</x>
				<y>0.000000</y>
				<z>0.000000</z>
			</Rotation>
			<Scale>
				<x>1.000000</x>
				<y>1.000000</y>
				<z>1.000000</z>
			</Scale>
			<Global>0</Global>
			<Entity>
				<File>Data/Meshes/Barrel/barrel.obj</File>
				<Name>barrel.obj</Name>
				<Position>
					<x>100.000000</x>
					<y>50.010300</y>
					<z>128.000000</z>
				</Position>
				<Rotation>
					<x>0.000000</x>
					<y>0.000000</y>
					<z>0.000000</z>
				</Rotation>
				<Scale>
					<x>1.000000</x>
					<y>1.000000</y>
					<z>1.000000</z>
				</Scale>
				<Global>0</Global>
				<Entity>
					<File>Data/Meshes/Barrel/barrel.obj</File>
					<Name>barrel.obj</Name>
					<Position>
						<x>120.000000</x>
						<y>50.010300</y>
						<z>128.000000</z>
					</Position>
					<Rotation>
						<x>0.000000</x>
						<y>0.000000</y>
						<z>0.000000</z>
					</Rotation>
					<Scale>
						<x>1.000000</x>
						<y>1.000000</y>
						<z>1.000000</z>
					</Scale>
					<Global>0</Global>
				</Entity>
			</Entity>
		</Entity>
	</Entity>
	<Terrain>
		<Name>Test_Terrain</Name>
		<Position>
			<x>0.000000</x>
			<y>0.000000</y>
			<z>0.000000</z>
		</Position>
		<HeightMap>Data/Terrain/TerrainTextures/TdkWN.png</HeightMap>
		<BlendMap>Data/Terrain/TerrainTextures/blendMap.png</BlendMap>
		<BackgroundTexture>
			<DiffTexture>Data/Terrain/TerrainTextures/grass.bmp</DiffTexture>
			<NormalTexture>Data/Terrain/TerrainTextures/grassNormal.jpg</NormalTexture>
		</BackgroundTexture>
		<RedTexture>
			<DiffTexture>Data/Terrain/TerrainTextures/156.JPG</DiffTexture>
			<NormalTexture>Data/Terrain/TerrainTextures/156.JPG</NormalTexture>
		</RedTexture>
		<GreenTexture>
			<DiffTexture>Data/Terrain/TerrainTextures/sand.jpg</DiffTexture>
			<NormalTexture>Data/Terrain/TerrainTextures/white-sands-sand_NORM.jpg</NormalTexture>
		</GreenTexture>
		<BlueTexture>
			<DiffTexture>Data/Terrain/TerrainTextures/177.JPG</DiffTexture>
			<NormalTexture>Data/Terrain/TerrainTextures/177_norm.JPG</NormalTexture>
		</BlueTexture>
	</Terrain>
	<Entity>
		<File>Data/Meshes/Gothic_smallHouse1/smallHouse1.obj</File>
		<Name>Small_House</Name>
		<Position>
			<x>10.000000</x>
			<y>55.000000</y>
			<z>10.000000</z>
		</Position>
		<Rotation>
			<x>0.000000</x>
			<y>0.000000</y>
			<z>0.000000</z>
		</Rotation>
		<Scale>
			<x>4.000000</x>
			<y>4.000000</y>
			<z>4.000000</z>
		</Scale>
		<Global>1</Global>
		<Entity>
			<File>Data/Meshes/Gothic_smallHouse1/smallHouse1.obj</File>
			<Name>Small_House_2</Name>
			<Position>
				<x>50.000000</x>
				<y>55.000000</y>
				<z>10.000000</z>
			</Position>
			<Rotation>
				<x>0.000000</x>
				<y>0.000000</y>
				<z>0.000000</z>
			</Rotation>
			<Scale>
				<x>4.000000</x>
				<y>4.000000</y>
				<z>4.000000</z>
			</Scale>
			<Global>1</Global>
		</Entity>
	</Entity>
</Map>

