<?xml version="1.0" encoding="UTF-8"?>
<Map>
	<Camera>
		<Position>
			<x>135.251053</x>
			<y>131.599350</y>
			<z>123.313560</z>
		</Position>
		<Pitch>31.000107</Pitch>
		<Yaw>308.988617</Yaw>
	</Camera>
	<SkyBox>
		<DayTextures>
			<RightTexture>Data/Skybox/Calm/left.jpg</RightTexture>
			<LeftTexture>Data/Skybox/Calm/right.jpg</LeftTexture>
			<TopTexture>Data/Skybox/Calm/top.jpg</TopTexture>
			<BottomTexture>Data/Skybox/Calm/bottom.jpg</BottomTexture>
			<BackTexture>Data/Skybox/Calm/front.jpg</BackTexture>
			<FrontTexture>Data/Skybox/Calm/back.jpg</FrontTexture>
		</DayTextures>
		<NightTextures>
			<RightTexture>Data/Skybox/Calm/left.jpg</RightTexture>
			<LeftTexture>Data/Skybox/Calm/right.jpg</LeftTexture>
			<TopTexture>Data/Skybox/Calm/top.jpg</TopTexture>
			<BottomTexture>Data/Skybox/Calm/bottom.jpg</BottomTexture>
			<BackTexture>Data/Skybox/Calm/front.jpg</BackTexture>
			<FrontTexture>Data/Skybox/Calm/back.jpg</FrontTexture>
		</NightTextures>
	</SkyBox>
	<Light>
		<Type>0</Type>
		<Position>
			<x>100000.000000</x>
			<y>150000.000000</y>
			<z>100000.000000</z>
		</Position>
		<Color>
			<x>0.500000</x>
			<y>0.500000</y>
			<z>0.500000</z>
		</Color>
		<Attenuation>
			<x>1.000000</x>
			<y>0.000000</y>
			<z>0.000000</z>
		</Attenuation>
		<CutOff>0.000000</CutOff>
	</Light>
	<Entity>
		<File>Data/Meshes/woodland_pack_1/WOODLAND_PACK/WOODLAND_TREES/f_tree1/obj__tree1.obj</File>
		<Name>obj__tree1.obj</Name>
		<ChildrenCulling >1</ChildrenCulling >
		<Position>
			<x>350.000000</x>
			<y>-1.000000</y>
			<z>395.000000</z>
		</Position>
		<AttachYOffset>0.000000</AttachYOffset>
		<Rotation>
			<x>0.000000</x>
			<y>0.000000</y>
			<z>0.000000</z>
		</Rotation>
		<Scale>
			<x>1.000000</x>
			<y>1.000000</y>
			<z>1.000000</z>
		</Scale>
		<NormalizedSize>
			<x>0.000000</x>
			<y>10.000000</y>
			<z>0.000000</z>
		</NormalizedSize>
		<Global>1</Global>
	</Entity>
	<Terrain>
		<Name>Terrain0x0</Name>
		<Position>
			<x>0.000000</x>
			<y>0.000000</y>
			<z>0.000000</z>
		</Position>
		<HeightMap>Data/Terrain/Terrain0x0.terrain</HeightMap>
		<BlendMap>Data/Terrain/TerrainTextures/blendMapH.png</BlendMap>
		<BackgroundTexture>
			<DiffTexture>Data/Textures/grass_ground.png</DiffTexture>
			<NormalTexture>Data/Textures/grassNormal.png</NormalTexture>
		</BackgroundTexture>
		<RockTexture>
			<DiffTexture>Data/Textures/165.png</DiffTexture>
			<NormalTexture>Data/Textures/165.png</NormalTexture>
		</RockTexture>
		<RedTexture>
			<DiffTexture>Data/Textures/grassFlowers.png</DiffTexture>
			<NormalTexture>Data/Textures/grassFlowers.png</NormalTexture>
		</RedTexture>
		<GreenTexture>
			<DiffTexture>Data/Textures/sand.png</DiffTexture>
			<NormalTexture>Data/Textures/sand_normal.png</NormalTexture>
		</GreenTexture>
		<BlueTexture>
			<DiffTexture>Data/Textures/G3_Architecture_Ground_City_03_Diffuse_01.png</DiffTexture>
			<NormalTexture>Data/Textures/G3_Architecture_Ground_City_03_Diffuse_01_Normal.png</NormalTexture>
		</BlueTexture>
	</Terrain>
	<Terrain>
		<Name>Terrain0x1</Name>
		<Position>
			<x>0.000000</x>
			<y>0.000000</y>
			<z>1.000000</z>
		</Position>
		<HeightMap>Data/Terrain/Terrain0x1.terrain</HeightMap>
		<BlendMap>Data/Terrain/TerrainTextures/blendMapH.png</BlendMap>
		<BackgroundTexture>
			<DiffTexture>Data/Textures/grass_ground.png</DiffTexture>
			<NormalTexture>Data/Textures/grassNormal.png</NormalTexture>
		</BackgroundTexture>
		<RockTexture>
			<DiffTexture>Data/Textures/165.png</DiffTexture>
			<NormalTexture>Data/Textures/165.png</NormalTexture>
		</RockTexture>
		<RedTexture>
			<DiffTexture>Data/Textures/grassFlowers.png</DiffTexture>
			<NormalTexture>Data/Textures/grassFlowers.png</NormalTexture>
		</RedTexture>
		<GreenTexture>
			<DiffTexture>Data/Textures/sand.png</DiffTexture>
			<NormalTexture>Data/Textures/sand_normal.png</NormalTexture>
		</GreenTexture>
		<BlueTexture>
			<DiffTexture>Data/Textures/G3_Architecture_Ground_City_03_Diffuse_01.png</DiffTexture>
			<NormalTexture>Data/Textures/G3_Architecture_Ground_City_03_Diffuse_01_Normal.png</NormalTexture>
		</BlueTexture>
	</Terrain>
	<Terrain>
		<Name>Terrain0x2</Name>
		<Position>
			<x>0.000000</x>
			<y>0.000000</y>
			<z>2.000000</z>
		</Position>
		<HeightMap>Data/Terrain/Terrain0x2.terrain</HeightMap>
		<BlendMap>Data/Terrain/TerrainTextures/blendMapH.png</BlendMap>
		<BackgroundTexture>
			<DiffTexture>Data/Textures/grass_ground.png</DiffTexture>
			<NormalTexture>Data/Textures/grassNormal.png</NormalTexture>
		</BackgroundTexture>
		<RockTexture>
			<DiffTexture>Data/Textures/165.png</DiffTexture>
			<NormalTexture>Data/Textures/165.png</NormalTexture>
		</RockTexture>
		<RedTexture>
			<DiffTexture>Data/Textures/grassFlowers.png</DiffTexture>
			<NormalTexture>Data/Textures/grassFlowers.png</NormalTexture>
		</RedTexture>
		<GreenTexture>
			<DiffTexture>Data/Textures/sand.png</DiffTexture>
			<NormalTexture>Data/Textures/sand_normal.png</NormalTexture>
		</GreenTexture>
		<BlueTexture>
			<DiffTexture>Data/Textures/G3_Architecture_Ground_City_03_Diffuse_01.png</DiffTexture>
			<NormalTexture>Data/Textures/G3_Architecture_Ground_City_03_Diffuse_01_Normal.png</NormalTexture>
		</BlueTexture>
	</Terrain>
	<Terrain>
		<Name>Test_Terrain1x0</Name>
		<Position>
			<x>1.000000</x>
			<y>0.000000</y>
			<z>0.000000</z>
		</Position>
		<HeightMap>Data/Terrain/Test_Terrain1x0.terrain</HeightMap>
		<BlendMap>Data/Terrain/TerrainTextures/blendMapH.png</BlendMap>
		<BackgroundTexture>
			<DiffTexture>Data/Textures/grass_ground.png</DiffTexture>
			<NormalTexture>Data/Textures/grassNormal.png</NormalTexture>
		</BackgroundTexture>
		<RockTexture>
			<DiffTexture>Data/Textures/165.png</DiffTexture>
			<NormalTexture>Data/Textures/165.png</NormalTexture>
		</RockTexture>
		<RedTexture>
			<DiffTexture>Data/Textures/grassFlowers.png</DiffTexture>
			<NormalTexture>Data/Textures/grassFlowers.png</NormalTexture>
		</RedTexture>
		<GreenTexture>
			<DiffTexture>Data/Textures/sand.png</DiffTexture>
			<NormalTexture>Data/Textures/sand_normal.png</NormalTexture>
		</GreenTexture>
		<BlueTexture>
			<DiffTexture>Data/Textures/G3_Architecture_Ground_City_03_Diffuse_01.png</DiffTexture>
			<NormalTexture>Data/Textures/G3_Architecture_Ground_City_03_Diffuse_01_Normal.png</NormalTexture>
		</BlueTexture>
	</Terrain>
	<Terrain>
		<Name>Terrain0x-1</Name>
		<Position>
			<x>0.000000</x>
			<y>0.000000</y>
			<z>-1.000000</z>
		</Position>
		<HeightMap>Data/Terrain/Terrain0x-1.terrain</HeightMap>
		<BlendMap>Data/Terrain/TerrainTextures/blendMapH.png</BlendMap>
		<BackgroundTexture>
			<DiffTexture>Data/Textures/grass_ground.png</DiffTexture>
			<NormalTexture>Data/Textures/grassNormal.png</NormalTexture>
		</BackgroundTexture>
		<RockTexture>
			<DiffTexture>Data/Textures/165.png</DiffTexture>
			<NormalTexture>Data/Textures/165.png</NormalTexture>
		</RockTexture>
		<RedTexture>
			<DiffTexture>Data/Textures/grassFlowers.png</DiffTexture>
			<NormalTexture>Data/Textures/grassFlowers.png</NormalTexture>
		</RedTexture>
		<GreenTexture>
			<DiffTexture>Data/Textures/sand.png</DiffTexture>
			<NormalTexture>Data/Textures/sand_normal.png</NormalTexture>
		</GreenTexture>
		<BlueTexture>
			<DiffTexture>Data/Textures/G3_Architecture_Ground_City_03_Diffuse_01.png</DiffTexture>
			<NormalTexture>Data/Textures/G3_Architecture_Ground_City_03_Diffuse_01_Normal.png</NormalTexture>
		</BlueTexture>
	</Terrain>
</Map>

