<?xml version="1.0" encoding="UTF-8"?>
<Map>
  <Camera>
	<Position>
		<x>100</x>
		<y>100</y>
		<z>100</z>
	</Position>
	<Pitch>45.6</Pitch>
	<Yaw>94.0</Yaw>
  </Camera>
  <SkyBox>
	<DayTextures>
		<RightTexture>Data/Skybox/TropicalSunnyDay/right.bmp</RightTexture>
		<LeftTexture>Data/Skybox/TropicalSunnyDay/left.bmp</LeftTexture>
		<TopTexture>Data/Skybox/TropicalSunnyDay/top.bmp</TopTexture>
		<BottomTexture>Data/Skybox/TropicalSunnyDay/bottom.bmp</BottomTexture>
		<BackTexture>Data/Skybox/TropicalSunnyDay/back.bmp</BackTexture>
		<FrontTexture>Data/Skybox/TropicalSunnyDay/front.bmp</FrontTexture>
	</DayTextures>
	<NightTextures>
		<RightTexture>Data/Skybox/TropicalSunnyDay/right.bmp</RightTexture>
		<LeftTexture>Data/Skybox/TropicalSunnyDay/left.bmp</LeftTexture>
		<TopTexture>Data/Skybox/TropicalSunnyDay/top.bmp</TopTexture>
		<BottomTexture>Data/Skybox/TropicalSunnyDay/bottom.bmp</BottomTexture>
		<BackTexture>Data/Skybox/TropicalSunnyDay/back.bmp</BackTexture>
		<FrontTexture>Data/Skybox/TropicalSunnyDay/front.bmp</FrontTexture>
	</NightTextures>	
  </SkyBox>
  <Light>
		<Type>0</Type>
		<Position>
			<x>100000</x>
			<y>150000</y>
			<z>100000</z>
		</Position>
		<Color>
			<x>0.5</x>
			<y>0.5</y>
			<z>0.5</z>
		</Color>
		<Attenuation>
			<x>1</x>
			<y>0</y>
			<z>0</z>
		</Attenuation>
		<CutOff>0</CutOff>
  </Light>
  <Light>
		<Type>1</Type>
		<Position>
			<x>86</x>
			<y>60</y>
			<z>47</z>
		</Position>
		<Color>
			<x>0.5</x>
			<y>0.0</y>
			<z>0.0</z>
		</Color>
		<Attenuation>
			<x>0</x>
			<y>0.1</y>
			<z>0</z>
		</Attenuation>
		<CutOff>0</CutOff>
  </Light>
  <Terrain>
	  <Name>Test_Terrain</Name>
	  <Position>
		<x>0</x>
		<z>0</z>
	  </Position>
	  <HeightMap>Data/Terrain/TerrainTextures/TdkWN.png</HeightMap>
	  <BlendMap>Data/Terrain/TerrainTextures/blendMap.png</BlendMap>
	  <BackgroundTexture>
			<DiffTexture>Data/Terrain/TerrainTextures/grass.bmp</DiffTexture>
			<NormalTexture>Data/Terrain/TerrainTextures/grassNormal.jpg</NormalTexture>
	  </BackgroundTexture>  
	  <RedTexture>
			<DiffTexture>Data/Terrain/TerrainTextures/156.JPG</DiffTexture>
			<NormalTexture>Data/Terrain/TerrainTextures/156.JPG</NormalTexture>
	  </RedTexture> 
	  <GreenTexture>
			<DiffTexture>Data/Terrain/TerrainTextures/sand.jpg</DiffTexture>
			<NormalTexture>Data/Terrain/TerrainTextures/white-sands-sand_NORM.jpg</NormalTexture>
	  </GreenTexture> 
	  <BlueTexture>
			<DiffTexture>Data/Terrain/TerrainTextures/177.JPG</DiffTexture>
			<NormalTexture>Data/Terrain/TerrainTextures/177_norm.JPG</NormalTexture>
	  </BlueTexture>   
  </Terrain>   
  <Prefab>
  <File>Data/Prefabs/SmallHouse.prefab</File>
  </Prefab>  
	<Entity>	  
		<File>Data/Meshes/Gothic_smallHouse1/smallHouse1.obj</File>
		<Name>Small_House</Name>
		<Position>
			<x>10</x>
			<y>55</y>
			<z>10</z>
		</Position>
		<Rotation>
			<x>0</x>
			<y>0</y>
			<z>0</z>
		</Rotation>
		<Scale>
			<x>4</x>
			<y>4</y>
			<z>4</z>
		</Scale>	
		<Global>0</Global>
		<Entity>		  
			<File>Data/Meshes/Gothic_smallHouse1/smallHouse1.obj</File>
			<Name>Small_House_2</Name>
			<Position>
				<x>50</x>
				<y>55</y>
				<z>10</z>
			</Position>
			<Rotation>
				<x>0</x>
				<y>0</y>
				<z>0</z>
			</Rotation>
			<Scale>
				<x>4</x>
				<y>4</y>
				<z>4</z>
			</Scale>	
			<Global>0</Global>		
		</Entity>
	</Entity>
</Map>